Archive member included because of file (symbol)

c:/davev4-64bit/dave-ide-4.4.2-64bit/eclipse/arm-gcc-49/bin/../lib/gcc/arm-none-eabi/4.9.3/armv6-m\libgcc.a(_udivsi3.o)
                              ./src/serial_io/serial_io_iface.o (__aeabi_uidiv)
c:/davev4-64bit/dave-ide-4.4.2-64bit/eclipse/arm-gcc-49/bin/../lib/gcc/arm-none-eabi/4.9.3/armv6-m\libgcc.a(_divsi3.o)
                              ./Libraries/XMCLib/src/xmc1_scu.o (__aeabi_idiv)
c:/davev4-64bit/dave-ide-4.4.2-64bit/eclipse/arm-gcc-49/bin/../lib/gcc/arm-none-eabi/4.9.3/armv6-m\libgcc.a(_dvmd_tls.o)
                              c:/davev4-64bit/dave-ide-4.4.2-64bit/eclipse/arm-gcc-49/bin/../lib/gcc/arm-none-eabi/4.9.3/armv6-m\libgcc.a(_udivsi3.o) (__aeabi_idiv0)
c:/davev4-64bit/dave-ide-4.4.2-64bit/eclipse/arm-gcc-49/bin/../lib/gcc/arm-none-eabi/4.9.3/../../../../arm-none-eabi/lib/armv6-m\libc_nano.a(lib_a-errno.o)
                              ./Libraries/Newlib/syscalls.o (__errno)
c:/davev4-64bit/dave-ide-4.4.2-64bit/eclipse/arm-gcc-49/bin/../lib/gcc/arm-none-eabi/4.9.3/../../../../arm-none-eabi/lib/armv6-m\libc_nano.a(lib_a-impure.o)
                              c:/davev4-64bit/dave-ide-4.4.2-64bit/eclipse/arm-gcc-49/bin/../lib/gcc/arm-none-eabi/4.9.3/../../../../arm-none-eabi/lib/armv6-m\libc_nano.a(lib_a-errno.o) (_impure_ptr)
c:/davev4-64bit/dave-ide-4.4.2-64bit/eclipse/arm-gcc-49/bin/../lib/gcc/arm-none-eabi/4.9.3/../../../../arm-none-eabi/lib/armv6-m\libc_nano.a(lib_a-init.o)
                              ./Startup/startup_XMC1100.o (__libc_init_array)
c:/davev4-64bit/dave-ide-4.4.2-64bit/eclipse/arm-gcc-49/bin/../lib/gcc/arm-none-eabi/4.9.3/../../../../arm-none-eabi/lib/armv6-m\libc_nano.a(lib_a-memcpy.o)
                              ./src/serial_io/serial_io_iface.o (memcpy)
c:/davev4-64bit/dave-ide-4.4.2-64bit/eclipse/arm-gcc-49/bin/../lib/gcc/arm-none-eabi/4.9.3/../../../../arm-none-eabi/lib/armv6-m\libc_nano.a(lib_a-memset.o)
                              ./src/serial_io/serial_io_iface.o (memset)
c:/davev4-64bit/dave-ide-4.4.2-64bit/eclipse/arm-gcc-49/bin/../lib/gcc/arm-none-eabi/4.9.3/../../../../arm-none-eabi/lib/armv6-m\libc_nano.a(lib_a-sprintf.o)
                              ./src/serial_io/serial_io_iface.o (sprintf)
c:/davev4-64bit/dave-ide-4.4.2-64bit/eclipse/arm-gcc-49/bin/../lib/gcc/arm-none-eabi/4.9.3/../../../../arm-none-eabi/lib/armv6-m\libc_nano.a(lib_a-sscanf.o)
                              ./src/serial_io/serial_io_iface.o (sscanf)
c:/davev4-64bit/dave-ide-4.4.2-64bit/eclipse/arm-gcc-49/bin/../lib/gcc/arm-none-eabi/4.9.3/../../../../arm-none-eabi/lib/armv6-m\libc_nano.a(lib_a-stdio.o)
                              c:/davev4-64bit/dave-ide-4.4.2-64bit/eclipse/arm-gcc-49/bin/../lib/gcc/arm-none-eabi/4.9.3/../../../../arm-none-eabi/lib/armv6-m\libc_nano.a(lib_a-sscanf.o) (__seofread)
c:/davev4-64bit/dave-ide-4.4.2-64bit/eclipse/arm-gcc-49/bin/../lib/gcc/arm-none-eabi/4.9.3/../../../../arm-none-eabi/lib/armv6-m\libc_nano.a(lib_a-strcmp.o)
                              ./src/cmd_process/cmd_iface.o (strcmp)
c:/davev4-64bit/dave-ide-4.4.2-64bit/eclipse/arm-gcc-49/bin/../lib/gcc/arm-none-eabi/4.9.3/../../../../arm-none-eabi/lib/armv6-m\libc_nano.a(lib_a-strlen.o)
                              ./src/serial_io/serial_io_iface.o (strlen)
c:/davev4-64bit/dave-ide-4.4.2-64bit/eclipse/arm-gcc-49/bin/../lib/gcc/arm-none-eabi/4.9.3/../../../../arm-none-eabi/lib/armv6-m\libc_nano.a(lib_a-strncat.o)
                              ./src/serial_io/serial_io_iface.o (strncat)
c:/davev4-64bit/dave-ide-4.4.2-64bit/eclipse/arm-gcc-49/bin/../lib/gcc/arm-none-eabi/4.9.3/../../../../arm-none-eabi/lib/armv6-m\libc_nano.a(lib_a-strncpy.o)
                              ./src/serial_io/serial_io_iface.o (strncpy)
c:/davev4-64bit/dave-ide-4.4.2-64bit/eclipse/arm-gcc-49/bin/../lib/gcc/arm-none-eabi/4.9.3/../../../../arm-none-eabi/lib/armv6-m\libc_nano.a(lib_a-strspn.o)
                              ./src/serial_io/serial_io_iface.o (strspn)
c:/davev4-64bit/dave-ide-4.4.2-64bit/eclipse/arm-gcc-49/bin/../lib/gcc/arm-none-eabi/4.9.3/../../../../arm-none-eabi/lib/armv6-m\libc_nano.a(lib_a-writer.o)
                              c:/davev4-64bit/dave-ide-4.4.2-64bit/eclipse/arm-gcc-49/bin/../lib/gcc/arm-none-eabi/4.9.3/../../../../arm-none-eabi/lib/armv6-m\libc_nano.a(lib_a-stdio.o) (_write_r)
c:/davev4-64bit/dave-ide-4.4.2-64bit/eclipse/arm-gcc-49/bin/../lib/gcc/arm-none-eabi/4.9.3/../../../../arm-none-eabi/lib/armv6-m\libc_nano.a(lib_a-closer.o)
                              c:/davev4-64bit/dave-ide-4.4.2-64bit/eclipse/arm-gcc-49/bin/../lib/gcc/arm-none-eabi/4.9.3/../../../../arm-none-eabi/lib/armv6-m\libc_nano.a(lib_a-stdio.o) (_close_r)
c:/davev4-64bit/dave-ide-4.4.2-64bit/eclipse/arm-gcc-49/bin/../lib/gcc/arm-none-eabi/4.9.3/../../../../arm-none-eabi/lib/armv6-m\libc_nano.a(lib_a-lseekr.o)
[...]
Memory Configuration

Name             Origin             Length             Attributes
FLASH            0x10001000         0x00010000         xr
SRAM             0x20000000         0x00004000         !xr
*default*        0x00000000         0xffffffff

Linker script and memory map

LOAD ./src/serial_io/serial_io_iface.o
LOAD ./src/cmd_process/cmd_iface.o
LOAD ./Startup/startup_XMC1100.o
LOAD ./Startup/system_XMC1100.o
LOAD ./Libraries/XMCLib/src/xmc1_eru.o
LOAD ./Libraries/XMCLib/src/xmc1_flash.o
LOAD ./Libraries/XMCLib/src/xmc1_gpio.o
LOAD ./Libraries/XMCLib/src/xmc1_rtc.o
LOAD ./Libraries/XMCLib/src/xmc1_scu.o
LOAD ./Libraries/XMCLib/src/xmc_acmp.o
LOAD ./Libraries/XMCLib/src/xmc_bccu.o
LOAD ./Libraries/XMCLib/src/xmc_can.o
LOAD ./Libraries/XMCLib/src/xmc_ccu4.o
LOAD ./Libraries/XMCLib/src/xmc_ccu8.o
LOAD ./Libraries/XMCLib/src/xmc_common.o
LOAD ./Libraries/XMCLib/src/xmc_eru.o
LOAD ./Libraries/XMCLib/src/xmc_gpio.o
LOAD ./Libraries/XMCLib/src/xmc_i2c.o
LOAD ./Libraries/XMCLib/src/xmc_i2s.o
LOAD ./Libraries/XMCLib/src/xmc_ledts.o
LOAD ./Libraries/XMCLib/src/xmc_math.o
LOAD ./Libraries/XMCLib/src/xmc_pau.o
LOAD ./Libraries/XMCLib/src/xmc_posif.o
LOAD ./Libraries/XMCLib/src/xmc_prng.o
LOAD ./Libraries/XMCLib/src/xmc_rtc.o
LOAD ./Libraries/XMCLib/src/xmc_spi.o
LOAD ./Libraries/XMCLib/src/xmc_uart.o
LOAD ./Libraries/XMCLib/src/xmc_usic.o
LOAD ./Libraries/XMCLib/src/xmc_vadc.o
LOAD ./Libraries/XMCLib/src/xmc_wdt.o
LOAD ./Libraries/Newlib/syscalls.o
LOAD ./Dave/Generated/UART/uart.o
LOAD ./Dave/Generated/UART/uart_conf.o
LOAD ./Dave/Generated/DIGITAL_IO/digital_io.o
LOAD ./Dave/Generated/DIGITAL_IO/digital_io_conf.o
LOAD ./Dave/Generated/CPU_CTRL_XMC1/cpu_ctrl_xmc1.o
LOAD ./Dave/Generated/CPU_CTRL_XMC1/cpu_ctrl_xmc1_conf.o
LOAD ./Dave/Generated/CLOCK_XMC1/clock_xmc1.o
LOAD ./Dave/Generated/CLOCK_XMC1/clock_xmc1_conf.o
LOAD ./Dave/Generated/DAVE.o
LOAD ./main.o
LOAD c:/davev4-64bit/dave-ide-4.4.2-64bit/eclipse/arm-gcc-49/bin/../lib/gcc/arm-none-eabi/4.9.3/../../../../arm-none-eabi/lib/armv6-m\libm.a
START GROUP
LOAD c:/davev4-64bit/dave-ide-4.4.2-64bit/eclipse/arm-gcc-49/bin/../lib/gcc/arm-none-eabi/4.9.3/armv6-m\libgcc.a
LOAD c:/davev4-64bit/dave-ide-4.4.2-64bit/eclipse/arm-gcc-49/bin/../lib/gcc/arm-none-eabi/4.9.3/../../../../arm-none-eabi/lib/armv6-m\libc_nano.a
END GROUP
START GROUP
LOAD c:/davev4-64bit/dave-ide-4.4.2-64bit/eclipse/arm-gcc-49/bin/../lib/gcc/arm-none-eabi/4.9.3/armv6-m\libgcc.a
LOAD c:/davev4-64bit/dave-ide-4.4.2-64bit/eclipse/arm-gcc-49/bin/../lib/gcc/arm-none-eabi/4.9.3/../../../../arm-none-eabi/lib/armv6-m\libc_nano.a
LOAD c:/davev4-64bit/dave-ide-4.4.2-64bit/eclipse/arm-gcc-49/bin/../lib/gcc/arm-none-eabi/4.9.3/../../../../arm-none-eabi/lib/armv6-m\libnosys.a
END GROUP
START GROUP
LOAD c:/davev4-64bit/dave-ide-4.4.2-64bit/eclipse/arm-gcc-49/bin/../lib/gcc/arm-none-eabi/4.9.3/armv6-m\libgcc.a
LOAD c:/davev4-64bit/dave-ide-4.4.2-64bit/eclipse/arm-gcc-49/bin/../lib/gcc/arm-none-eabi/4.9.3/../../../../arm-none-eabi/lib/armv6-m\libc_nano.a
LOAD c:/davev4-64bit/dave-ide-4.4.2-64bit/eclipse/arm-gcc-49/bin/../lib/gcc/arm-none-eabi/4.9.3/../../../../arm-none-eabi/lib/armv6-m\libnosys.a
END GROUP
                0x00000c00                stack_size = DEFINED (stack_size)?stack_size:0xc00
                0x00000004                no_init_size = 0x4

.text           0x10001000     0x13f8
                0x10001000                sText = .
 *(.reset)
 .reset         0x10001000       0x9c ./Startup/startup_XMC1100.o
                0x10001000                __Vectors
                0x10001018                Reset_Handler
                0x10001098                USIC0_5_IRQHandler
                0x10001098                HardFault_Handler
                0x10001098                SysTick_Handler
                0x10001098                PendSV_Handler
                0x10001098                CCU40_2_IRQHandler
                0x10001098                SCU_0_IRQHandler
                0x10001098                ERU0_0_IRQHandler
                0x10001098                USIC0_0_IRQHandler
                0x10001098                ERU0_2_IRQHandler
                0x10001098                ERU0_3_IRQHandler
                0x10001098                VADC0_C0_0_IRQHandler
                0x10001098                CCU40_0_IRQHandler
                0x10001098                VADC0_C0_1_IRQHandler
                0x10001098                SVC_Handler
                0x10001098                USIC0_3_IRQHandler
                0x10001098                CCU40_1_IRQHandler
                0x10001098                SCU_2_IRQHandler
                0x10001098                CCU40_3_IRQHandler
                0x10001098                USIC0_4_IRQHandler
                0x10001098                SCU_1_IRQHandler
                0x10001098                ERU0_1_IRQHandler
                0x10001098                Default_handler
 *(.text .text.* .gnu.linkonce.t.*)
 .text.uart0_end_of_transmit_callback
                0x1000109c        0xc ./src/serial_io/serial_io_iface.o
                0x1000109c                uart0_end_of_transmit_callback
 .text.uart0_end_of_receive_callback
                0x100010a8        0xc ./src/serial_io/serial_io_iface.o
                0x100010a8                uart0_end_of_receive_callback
 .text.terminal_io_read
                0x100010b4       0x20 ./src/serial_io/serial_io_iface.o
                0x100010b4                terminal_io_read
 .text.terminal_io_write
                0x100010d4       0x20 ./src/serial_io/serial_io_iface.o
                0x100010d4                terminal_io_write
 .text.f_putc   0x100010f4       0x1c ./src/serial_io/serial_io_iface.o
                0x100010f4                f_putc
 .text.f_puts   0x10001110       0x16 ./src/serial_io/serial_io_iface.o
                0x10001110                f_puts
 .text.OPTIGAprintf
                0x10001126      0x214 ./src/serial_io/serial_io_iface.o
                0x10001126                OPTIGAprintf
 *fill*         0x1000133a        0x2 
 .text.app_menu
                0x1000133c       0x6c ./src/cmd_process/cmd_iface.o
                0x1000133c                app_menu
 .text.parse_cmd
                0x100013a8       0xbc ./src/cmd_process/cmd_iface.o
                0x100013a8                parse_cmd
 .text.app_parse_cmd
                0x10001464       0x58 ./src/cmd_process/cmd_iface.o
                0x10001464                app_parse_cmd
 .text.SystemCoreClockUpdate
                0x100014bc       0x4c ./Startup/system_XMC1100.o
                0x100014bc                SystemCoreClockUpdate
 .text.SystemInit
                0x10001508        0xc ./Startup/system_XMC1100.o
                0x10001508                SystemInit
 .text.XMC_GPIO_Init
                0x10001514       0x78 ./Libraries/XMCLib/src/xmc1_gpio.o
                0x10001514                XMC_GPIO_Init
 .text.XMC_SCU_UnlockProtectedBits
                0x1000158c       0x14 ./Libraries/XMCLib/src/xmc1_scu.o
                0x1000158c                XMC_SCU_UnlockProtectedBits
 .text.XMC_SCU_CLOCK_UngatePeripheralClock
                0x100015a0       0x28 ./Libraries/XMCLib/src/xmc1_scu.o
                0x100015a0                XMC_SCU_CLOCK_UngatePeripheralClock
 .text.XMC_SCU_CLOCK_ScaleMCLKFrequency
                0x100015c8       0xa0 ./Libraries/XMCLib/src/xmc1_scu.o
                0x100015c8                XMC_SCU_CLOCK_ScaleMCLKFrequency
 .text.XMC_SCU_CLOCK_Init
                0x10001668       0x38 ./Libraries/XMCLib/src/xmc1_scu.o
                0x10001668                XMC_SCU_CLOCK_Init
 .text.XMC_SCU_CLOCK_GetPeripheralClockFrequency
                0x100016a0        0xc ./Libraries/XMCLib/src/xmc1_scu.o
                0x100016a0                XMC_SCU_CLOCK_GetPeripheralClockFrequency
 .text.XMC_GPIO_SetHardwareControl
                0x100016ac       0x1a ./Libraries/XMCLib/src/xmc_gpio.o
                0x100016ac                XMC_GPIO_SetHardwareControl
 *fill*         0x100016c6        0x2 
 .text.XMC_UART_CH_Init
                0x100016c8       0x74 ./Libraries/XMCLib/src/xmc_uart.o
                0x100016c8                XMC_UART_CH_Init
 .text.XMC_UART_CH_Transmit
                0x1000173c       0x2e ./Libraries/XMCLib/src/xmc_uart.o
                0x1000173c                XMC_UART_CH_Transmit
 .text.XMC_UART_CH_GetReceivedData
                0x1000176a       0x18 ./Libraries/XMCLib/src/xmc_uart.o
                0x1000176a                XMC_UART_CH_GetReceivedData
 *fill*         0x10001782        0x2 
 .text.XMC_USIC_CH_Enable
                0x10001784       0x30 ./Libraries/XMCLib/src/xmc_usic.o
                0x10001784                XMC_USIC_CH_Enable
 .text.XMC_USIC_CH_SetBaudrate
                0x100017b4       0x98 ./Libraries/XMCLib/src/xmc_usic.o
                0x100017b4                XMC_USIC_CH_SetBaudrate
 .text.XMC_USIC_CH_TXFIFO_Configure
                0x1000184c       0x28 ./Libraries/XMCLib/src/xmc_usic.o
                0x1000184c                XMC_USIC_CH_TXFIFO_Configure
 .text.XMC_USIC_CH_RXFIFO_Configure
                0x10001874       0x30 ./Libraries/XMCLib/src/xmc_usic.o
                0x10001874                XMC_USIC_CH_RXFIFO_Configure
 .text.XMC_USIC_CH_RXFIFO_SetSizeTriggerLimit
                0x100018a4       0x28 ./Libraries/XMCLib/src/xmc_usic.o
                0x100018a4                XMC_USIC_CH_RXFIFO_SetSizeTriggerLimit
 .text.XMC_USIC_CH_SetInterruptNodePointer
                0x100018cc       0x12 ./Libraries/XMCLib/src/xmc_usic.o
                0x100018cc                XMC_USIC_CH_SetInterruptNodePointer
 .text.XMC_USIC_CH_TXFIFO_SetInterruptNodePointer
                0x100018de       0x14 ./Libraries/XMCLib/src/xmc_usic.o
                0x100018de                XMC_USIC_CH_TXFIFO_SetInterruptNodePointer
 .text.XMC_USIC_CH_RXFIFO_SetInterruptNodePointer
                0x100018f2       0x14 ./Libraries/XMCLib/src/xmc_usic.o
                0x100018f2                XMC_USIC_CH_RXFIFO_SetInterruptNodePointer
 .text._init    0x10001906        0x2 ./Libraries/Newlib/syscalls.o
                0x10001906                _init
 .text.UART_lReconfigureRxFIFO
                0x10001908       0x1e ./Dave/Generated/UART/uart.o
 .text.UART_Init
                0x10001926        0xa ./Dave/Generated/UART/uart.o
                0x10001926                UART_Init
 .text.UART_StartTransmitIRQ
                0x10001930       0x6e ./Dave/Generated/UART/uart.o
                0x10001930                UART_StartTransmitIRQ
 .text.UART_Transmit
                0x1000199e       0x16 ./Dave/Generated/UART/uart.o
                0x1000199e                UART_Transmit
 .text.UART_StartReceiveIRQ
                0x100019b4       0x6a ./Dave/Generated/UART/uart.o
                0x100019b4                UART_StartReceiveIRQ
 .text.UART_Receive
                0x10001a1e       0x16 ./Dave/Generated/UART/uart.o
                0x10001a1e                UART_Receive
 .text.UART_lTransmitHandler
                0x10001a34       0x9c ./Dave/Generated/UART/uart.o
                0x10001a34                UART_lTransmitHandler
 .text.UART_lReceiveHandler
                0x10001ad0       0xac ./Dave/Generated/UART/uart.o
                0x10001ad0                UART_lReceiveHandler
 .text.UART_0_init
                0x10001b7c       0xd4 ./Dave/Generated/UART/uart_conf.o
                0x10001b7c                UART_0_init
 .text.USIC0_2_IRQHandler
                0x10001c50       0x10 ./Dave/Generated/UART/uart_conf.o
                0x10001c50                USIC0_2_IRQHandler
 .text.USIC0_1_IRQHandler
                0x10001c60       0x10 ./Dave/Generated/UART/uart_conf.o
                0x10001c60                USIC0_1_IRQHandler
 .text.DIGITAL_IO_Init
                0x10001c70       0x1c ./Dave/Generated/DIGITAL_IO/digital_io.o
                0x10001c70                DIGITAL_IO_Init
 .text.SystemCoreSetup
                0x10001c8c        0x2 ./Dave/Generated/CPU_CTRL_XMC1/cpu_ctrl_xmc1_conf.o
                0x10001c8c                SystemCoreSetup
 .text.CLOCK_XMC1_Init
                0x10001c8e        0xe ./Dave/Generated/CLOCK_XMC1/clock_xmc1.o
                0x10001c8e                CLOCK_XMC1_Init
 .text.SystemCoreClockSetup
                0x10001c9c       0x1c ./Dave/Generated/CLOCK_XMC1/clock_xmc1_conf.o
                0x10001c9c                SystemCoreClockSetup
 .text.DAVE_Init
                0x10001cb8       0x2c ./Dave/Generated/DAVE.o
                0x10001cb8                DAVE_Init
 .text.startup.main
                0x10001ce4       0x74 ./main.o
                0x10001ce4                main
 .text          0x10001d58      0x120 c:/davev4-64bit/dave-ide-4.4.2-64bit/eclipse/arm-gcc-49/bin/../lib/gcc/arm-none-eabi/4.9.3/armv6-m\libgcc.a(_udivsi3.o)
                0x10001d58                __aeabi_uidiv
                0x10001d58                __udivsi3
                0x10001e64                __aeabi_uidivmod
 .text          0x10001e78        0x4 c:/davev4-64bit/dave-ide-4.4.2-64bit/eclipse/arm-gcc-49/bin/../lib/gcc/arm-none-eabi/4.9.3/armv6-m\libgcc.a(_dvmd_tls.o)
                0x10001e78                __aeabi_idiv0
                0x10001e78                __aeabi_ldiv0
 .text.__libc_init_array
                0x10001e7c       0x4c c:/davev4-64bit/dave-ide-4.4.2-64bit/eclipse/arm-gcc-49/bin/../lib/gcc/arm-none-eabi/4.9.3/../../../../arm-none-eabi/lib/armv6-m\libc_nano.a(lib_a-init.o)
                0x10001e7c                __libc_init_array
 .text          0x10001ec8       0x14 c:/davev4-64bit/dave-ide-4.4.2-64bit/eclipse/arm-gcc-49/bin/../lib/gcc/arm-none-eabi/4.9.3/../../../../arm-none-eabi/lib/armv6-m\libc_nano.a(lib_a-strcmp.o)
                0x10001ec8                strcmp
 .text.strlen   0x10001edc        0xe c:/davev4-64bit/dave-ide-4.4.2-64bit/eclipse/arm-gcc-49/bin/../lib/gcc/arm-none-eabi/4.9.3/../../../../arm-none-eabi/lib/armv6-m\libc_nano.a(lib_a-strlen.o)
                0x10001edc                strlen
 *(.init)
 *(.fini)
 *crtbegin.o(.ctors)
 *crtbegin?.o(.ctors)
 *(EXCLUDE_FILE(*crtend.o *crtend?.o) .ctors)
 *(SORT(.ctors.*))
 *(.ctors)
 *crtbegin.o(.dtors)
 *crtbegin?.o(.dtors)
 *(EXCLUDE_FILE(*crtend.o *crtend?.o) .dtors)
 *(SORT(.dtors.*))
 *(.dtors)
 *(.rodata .rodata.*)
 .rodata.str1.1
                0x10001eea      0x472 ./src/cmd_process/cmd_iface.o
                                0x475 (size before relaxing)
 .rodata.UART_0_config
                0x1000235c       0x30 ./Dave/Generated/UART/uart_conf.o
                0x1000235c                UART_0_config
 .rodata.UART_0_rx_pin_config
                0x1000238c        0x8 ./Dave/Generated/UART/uart_conf.o
                0x1000238c                UART_0_rx_pin_config
 .rodata.UART_0_tx_pin
                0x10002394        0xc ./Dave/Generated/UART/uart_conf.o
                0x10002394                UART_0_tx_pin
 .rodata.UART_0_tx_pin_config
                0x100023a0        0x8 ./Dave/Generated/UART/uart_conf.o
                0x100023a0                UART_0_tx_pin_config
 .rodata.UART_0_channel_config
                0x100023a8        0xc ./Dave/Generated/UART/uart_conf.o
                0x100023a8                UART_0_channel_config
 .rodata.LED1   0x100023b4       0x10 ./Dave/Generated/DIGITAL_IO/digital_io_conf.o
                0x100023b4                LED1
 .rodata        0x100023c4        0xc ./Dave/Generated/CLOCK_XMC1/clock_xmc1_conf.o
 .rodata.str1.1
                0x100023d0       0x26 ./main.o
                                 0x28 (size before relaxing)
 *(.gnu.linkonce.r*)
 *(vtable)
                0x100023f8                . = ALIGN (0x4)
 *fill*         0x100023f6        0x2 

.glue_7         0x100023f8        0x0
 .glue_7        0x00000000        0x0 linker stubs

.glue_7t        0x100023f8        0x0
 .glue_7t       0x00000000        0x0 linker stubs

.vfp11_veneer   0x100023f8        0x0
 .vfp11_veneer  0x00000000        0x0 linker stubs

.v4_bx          0x100023f8        0x0
 .v4_bx         0x00000000        0x0 linker stubs

.iplt           0x100023f8        0x0
 .iplt          0x00000000        0x0 ./src/serial_io/serial_io_iface.o

.eh_frame_hdr
 *(.eh_frame_hdr)

.eh_frame       0x100023f8       0x28
 *(.eh_frame)
 .eh_frame      0x100023f8       0x28 c:/davev4-64bit/dave-ide-4.4.2-64bit/eclipse/arm-gcc-49/bin/../lib/gcc/arm-none-eabi/4.9.3/../../../../arm-none-eabi/lib/armv6-m\libc_nano.a(lib_a-strcmp.o)

.ARM.extab
 *(.ARM.extab* .gnu.linkonce.armextab.*)
                0x10002420                . = ALIGN (0x4)
                0x10002420                __exidx_start = .

.ARM.exidx
 *(.ARM.exidx* .gnu.linkonce.armexidx.*)
                0x10002420                __exidx_end = .
                0x10002420                . = ALIGN (0x4)

.VENEER_Code    0x2000000c      0x110 load address 0x10002420
                0x2000000c                . = ALIGN (0x4)
                0x2000000c                VeneerStart = .
 *(.XmcVeneerCode)
 .XmcVeneerCode
                0x2000000c      0x110 ./Startup/startup_XMC1100.o
                0x2000000c                HardFault_Veneer
                0x2000002c                SVC_Veneer
                0x20000038                PendSV_Veneer
                0x2000003c                SysTick_Veneer
                0x20000040                SCU_0_Veneer
                0x20000044                SCU_1_Veneer
                0x20000048                SCU_2_Veneer
                0x2000004c                SCU_3_Veneer
                0x20000050                SCU_4_Veneer
                0x20000054                SCU_5_Veneer
                0x20000058                SCU_6_Veneer
                0x20000064                USIC0_0_Veneer
                0x20000068                USIC0_1_Veneer
                0x2000006c                USIC0_2_Veneer
                0x20000070                USIC0_3_Veneer
                0x20000074                USIC0_4_Veneer
                0x20000078                USIC0_5_Veneer
                0x2000007c                VADC0_C0_0_Veneer
                0x20000080                VADC0_C0_1_Veneer
                0x20000094                CCU40_0_Veneer
                0x20000098                CCU40_1_Veneer
                0x2000009c                CCU40_2_Veneer
                0x200000a0                CCU40_3_Veneer
                0x2000011c                . = ALIGN (0x4)
                0x2000011c                VeneerEnd = .
                0x10002420                eROData = LOADADDR (.VENEER_Code)
                0x00000110                VeneerSize = (ABSOLUTE (VeneerEnd) - ABSOLUTE (VeneerStart))

.rel.dyn        0x2000011c        0x0 load address 0x10002530
 .rel.iplt      0x00000000        0x0 ./src/serial_io/serial_io_iface.o

Stack           0x2000011c      0xc04 load address 0x00000000
                0x20000120                . = ALIGN (0x8)
 *fill*         0x2000011c        0x4 
                0x20000d20                . = (. + stack_size)
 *fill*         0x20000120      0xc00 
                0x20000d20                __initial_sp = .

.data           0x20000d20       0x14 load address 0x10002530
                0x20000d20                . = ALIGN (0x4)
                0x20000d20                __data_start = .
 *(.data)
 *(.data*)
 .data.uart0_ctx
                0x20000d20        0x8 ./src/serial_io/serial_io_iface.o
                0x20000d20                uart0_ctx
 .data.UART_0   0x20000d28        0xc ./Dave/Generated/UART/uart_conf.o
                0x20000d28                UART_0
 *(*.data)
 *(.gnu.linkonce.d*)
                0x20000d34                . = ALIGN (0x4)
                0x20000d34                PROVIDE (__preinit_array_start, .)
 *(.preinit_array)
                0x20000d34                PROVIDE (__preinit_array_end, .)
                0x20000d34                . = ALIGN (0x4)
                0x20000d34                PROVIDE (__init_array_start, .)
 *(SORT(.init_array.*))
 *(.init_array)
                0x20000d34                PROVIDE (__init_array_end, .)
                0x20000d34                . = ALIGN (0x4)
                0x20000d34                PROVIDE (__fini_array_start, .)
 *(SORT(.fini_array.*))
 *(.fini_array)
                0x20000d34                PROVIDE (__fini_array_end, .)
                0x20000d34                . = ALIGN (0x4)
                0x20000d34                __data_end = .
                0x10002530                DataLoadAddr = LOADADDR (.data)
                0x00000014                __data_size = (__data_end - __data_start)

.igot.plt       0x20000d34        0x0 load address 0x10002544
 .igot.plt      0x00000000        0x0 ./src/serial_io/serial_io_iface.o

.ram_code       0x20000d34        0x0 load address 0x10002544
                0x20000d34                . = ALIGN (0x4)
                0x20000d34                __ram_code_start = .
 *(.ram_code)
                0x20000d34                . = ALIGN (0x4)
                0x20000d34                __ram_code_end = .
                0x10002544                __ram_code_load = LOADADDR (.ram_code)
                0x00000000                __ram_code_size = (__ram_code_end - __ram_code_start)
                0x00001544                __text_size = ((((__exidx_end - sText) + VeneerSize) + __data_size) + __ram_code_size)
                0x10002544                eText = (sText + __text_size)

.bss            0x20000d34      0x3ac load address 0x10002544
                0x20000d34                . = ALIGN (0x4)
                0x20000d34                __bss_start = .
 *(.bss)
 *(.bss*)
 .bss.cmd.7083  0x20000d34      0x100 ./src/cmd_process/cmd_iface.o
 .bss.FDIV.4731
                0x20000e34        0x4 ./Startup/system_XMC1100.o
 .bss.IDIV.4730
                0x20000e38        0x4 ./Startup/system_XMC1100.o
 .bss.UART_0_runtime
                0x20000e3c       0x1c ./Dave/Generated/UART/uart_conf.o
                0x20000e3c                UART_0_runtime
 .bss.CLOCK_XMC1_0
                0x20000e58        0x1 ./Dave/Generated/CLOCK_XMC1/clock_xmc1_conf.o
                0x20000e58                CLOCK_XMC1_0
 *(COMMON)
 COMMON         0x20000e59      0x282 ./src/cmd_process/cmd_iface.o
                0x20000e59                cmdbytes
                0x20000ed9                cmdQ
 *(.gnu.linkonce.b*)
                0x200010dc                . = ALIGN (0x4)
 *fill*         0x200010db        0x1 
                0x200010dc                __bss_end = .
                0x200010e0                . = ALIGN (0x8)
 *fill*         0x200010dc        0x4 
                0x200010e0                Heap_Bank1_Start = .
                0x000003a8                __bss_size = (__bss_end - __bss_start)

.no_init        0x20003ffc        0x4 load address 0x00003ee0
                0x20003ffc                Heap_Bank1_End = .
 *(.no_init)
 .no_init       0x20003ffc        0x4 ./Startup/system_XMC1100.o
                0x20003ffc                SystemCoreClock
                0x00002f1c                Heap_Bank1_Size = (Heap_Bank1_End - Heap_Bank1_Start)
                0x00000001                ASSERT ((Heap_Bank1_Start <= Heap_Bank1_End), region SRAM overflowed no_init section)

/DISCARD/
 *(.comment)

.stab
 *(.stab)

.stabstr        0x00000000       0xdf
 *(.stabstr)
 .stabstr       0x00000000       0xdf c:/davev4-64bit/dave-ide-4.4.2-64bit/eclipse/arm-gcc-49/bin/../lib/gcc/arm-none-eabi/4.9.3/../../../../arm-none-eabi/lib/armv6-m\libnosys.a(close.o)

.debug
 *(.debug)

.line
 *(.line)

.debug_srcinfo
 *(.debug_srcinfo)

.debug_sfnames
 *(.debug_sfnames)

.debug_aranges
 *(.debug_aranges)

.debug_pubnames
 *(.debug_pubnames)

.debug_pubtypes
 *(.debug_pubtypes)

.debug_info
 *(.debug_info .gnu.linkonce.wi.*)

.debug_abbrev
 *(.debug_abbrev)

.debug_line
 *(.debug_line)

.debug_frame    0x00000000       0x6c
 *(.debug_frame)
 .debug_frame   0x00000000       0x20 c:/davev4-64bit/dave-ide-4.4.2-64bit/eclipse/arm-gcc-49/bin/../lib/gcc/arm-none-eabi/4.9.3/armv6-m\libgcc.a(_udivsi3.o)
 .debug_frame   0x00000020       0x2c c:/davev4-64bit/dave-ide-4.4.2-64bit/eclipse/arm-gcc-49/bin/../lib/gcc/arm-none-eabi/4.9.3/../../../../arm-none-eabi/lib/armv6-m\libc_nano.a(lib_a-init.o)
 .debug_frame   0x0000004c       0x20 c:/davev4-64bit/dave-ide-4.4.2-64bit/eclipse/arm-gcc-49/bin/../lib/gcc/arm-none-eabi/4.9.3/../../../../arm-none-eabi/lib/armv6-m\libc_nano.a(lib_a-strlen.o)

.debug_str
 *(.debug_str)

.debug_loc
 *(.debug_loc)

.debug_macinfo
 *(.debug_macinfo)

.debug_ranges
 *(.debug_ranges)

.debug_weaknames
 *(.debug_weaknames)

.debug_funcnames
 *(.debug_funcnames)

.debug_typenames
 *(.debug_typenames)

.debug_varnames
 *(.debug_varnames)

.build_attributes
                0x00000000      0x443
 *(.ARM.attributes)
 .ARM.attributes
                0x00000000       0x31 ./src/serial_io/serial_io_iface.o
 .ARM.attributes
                0x00000031       0x31 ./src/cmd_process/cmd_iface.o
 .ARM.attributes
                0x00000062       0x21 ./Startup/startup_XMC1100.o
 .ARM.attributes
                0x00000083       0x31 ./Startup/system_XMC1100.o
 .ARM.attributes
                0x000000b4       0x31 ./Libraries/XMCLib/src/xmc1_gpio.o
 .ARM.attributes
                0x000000e5       0x31 ./Libraries/XMCLib/src/xmc1_scu.o
 .ARM.attributes
                0x00000116       0x31 ./Libraries/XMCLib/src/xmc_gpio.o
 .ARM.attributes
                0x00000147       0x31 ./Libraries/XMCLib/src/xmc_uart.o
 .ARM.attributes
                0x00000178       0x31 ./Libraries/XMCLib/src/xmc_usic.o
 .ARM.attributes
                0x000001a9       0x31 ./Libraries/Newlib/syscalls.o
 .ARM.attributes
                0x000001da       0x31 ./Dave/Generated/UART/uart.o
 .ARM.attributes
                0x0000020b       0x31 ./Dave/Generated/UART/uart_conf.o
 .ARM.attributes
                0x0000023c       0x31 ./Dave/Generated/DIGITAL_IO/digital_io.o
 .ARM.attributes
                0x0000026d       0x31 ./Dave/Generated/DIGITAL_IO/digital_io_conf.o
 .ARM.attributes
                0x0000029e       0x31 ./Dave/Generated/CPU_CTRL_XMC1/cpu_ctrl_xmc1_conf.o
 .ARM.attributes
                0x000002cf       0x31 ./Dave/Generated/CLOCK_XMC1/clock_xmc1.o
 .ARM.attributes
                0x00000300       0x31 ./Dave/Generated/CLOCK_XMC1/clock_xmc1_conf.o
 .ARM.attributes
                0x00000331       0x31 ./Dave/Generated/DAVE.o
 .ARM.attributes
                0x00000362       0x31 ./main.o
 .ARM.attributes
                0x00000393       0x1e c:/davev4-64bit/dave-ide-4.4.2-64bit/eclipse/arm-gcc-49/bin/../lib/gcc/arm-none-eabi/4.9.3/armv6-m\libgcc.a(_udivsi3.o)
 .ARM.attributes
                0x000003b1       0x1e c:/davev4-64bit/dave-ide-4.4.2-64bit/eclipse/arm-gcc-49/bin/../lib/gcc/arm-none-eabi/4.9.3/armv6-m\libgcc.a(_dvmd_tls.o)
 .ARM.attributes
                0x000003cf       0x2c c:/davev4-64bit/dave-ide-4.4.2-64bit/eclipse/arm-gcc-49/bin/../lib/gcc/arm-none-eabi/4.9.3/../../../../arm-none-eabi/lib/armv6-m\libc_nano.a(lib_a-init.o)
 .ARM.attributes
                0x000003fb       0x1c c:/davev4-64bit/dave-ide-4.4.2-64bit/eclipse/arm-gcc-49/bin/../lib/gcc/arm-none-eabi/4.9.3/../../../../arm-none-eabi/lib/armv6-m\libc_nano.a(lib_a-strcmp.o)
 .ARM.attributes
                0x00000417       0x2c c:/davev4-64bit/dave-ide-4.4.2-64bit/eclipse/arm-gcc-49/bin/../lib/gcc/arm-none-eabi/4.9.3/../../../../arm-none-eabi/lib/armv6-m\libc_nano.a(lib_a-strlen.o)
OUTPUT(xmc2go-TrustX.elf elf32-littlearm)
